<h3>Statement for BigCo </h3>
<ul>  <li> <h5>Henry V: $0.00 (53 seats)</h5></li>
  <li> <h5>As You Like It: $0.00 (55 seats)</h5></li>
</ul><h4>Amount owed is $0.00</h4>
<h4>You earned 48 credits</h4>
