Statement for BigCo
  Henry V: $0.00 (53 seats)
  As You Like It: $0.00 (55 seats)
Amount owed is $0.00
You earned 48 credits
